V3 3
FL /home/ise/Xilinx_ISE/rotate/rotate.vhd 2022/08/31.13:10:03 P.20131013
EN work/rotate 1661944428 FL /home/ise/Xilinx_ISE/rotate/rotate.vhd \
      PB ieee/std_logic_1164 1381692176 PB ieee/STD_LOGIC_UNSIGNED 1381692179 \
      PB ieee/NUMERIC_STD 1381692181
AR work/rotate/Behavioral 1661944429 \
      FL /home/ise/Xilinx_ISE/rotate/rotate.vhd EN work/rotate 1661944428
